>>> text_indentation = __import__('5-text_indentation').text_indentation


>>> text_indentation("""Lorem ipsum dolor? sit amet, consectetur: adipiscing elit.""")
Lorem ipsum dolor?
<BLANKLINE>
sit amet, consectetur:
<BLANKLINE>
adipiscing elit.
<BLANKLINE>

>>> text_indentation(74924)
Traceback (most recent call last):
        ...
TypeError: text must be a string

>>> text_indentation(None)
Traceback (most recent call last):
        ...
TypeError: text must be a string

>>> text = ".my Gee hello  ? I can see you."
>>> text_indentation(text)
.
<BLANKLINE>
hi i am ?
<BLANKLINE>
a human.
<BLANKLINE>

>>> text = "              "
>>> text_indentation(text)

>>> text = ".?:"
>>> text_indentation(text)
.
<BLANKLINE>
?
<BLANKLINE>
:
<BLANKLINE>

>>> text_indentation()
Traceback (most recent call last):
        ...
TypeError: text_indentation() missing 1 required positional argument: 'text'

>>> text_indentation("   Hello Gee. This is not true        ?      right: no")
Hello human.
<BLANKLINE>
This must be very        ?
<BLANKLINE>
awkward:
<BLANKLINE>
no
